// Jest Snapshot v1, https://goo.gl/fbAQLP

exports[`IssuesSearching Stories should match a snapshot 1`] = `
Object {
  "error": Object {
    "message": "",
    "status": 0,
  },
  "fetching": false,
  "issues": Object {
    "payload": Array [],
    "repoName": "",
    "userName": "",
  },
}
`;
